
========================================================================
  cuSOLVERMp baseline (NVIDIA, libcusolverMp v0.8) — c=4
========================================================================
==========================================================
 cuSOLVERMp Geqrf benchmark   N=8000  MB=NB=256  grid=2x2 (4 ranks)
==========================================================
  cusolverMpGeqrf  N=8000 grid=2x2  tmin=   509.95 ms  tmed=   714.33 ms
==========================================================
 cuSOLVERMp Geqrf benchmark   N=16000  MB=NB=256  grid=2x2 (4 ranks)
==========================================================
  cusolverMpGeqrf  N=16000 grid=2x2  tmin=   712.04 ms  tmed=  1410.86 ms
==========================================================
 cuSOLVERMp Geqrf benchmark   N=32000  MB=NB=256  grid=2x2 (4 ranks)
==========================================================
  cusolverMpGeqrf  N=32000 grid=2x2  tmin=  1386.43 ms  tmed=  1702.94 ms

========================================================================
  Path-s variants — sCQR3 / CQR2
========================================================================

----- N=8000 -----
=================================================================
 2.5D variant   N=8000 b=512 c=4   variant=passes=3
=================================================================
  Validation     variant=passes=3 N=8000 c=4  max|diag(Q'Q)-1| = 8.88e-16
  passes=3                        N=8000 b=512 c=4  tmin=    67.29 ms  tmed=    67.90 ms
=================================================================
 2.5D variant   N=8000 b=512 c=4   variant=passes=3+LA
=================================================================
  Validation     variant=passes=3+LA N=8000 c=4  max|diag(Q'Q)-1| = 8.88e-16
  passes=3+LA                     N=8000 b=512 c=4  tmin=    61.62 ms  tmed=    64.91 ms
=================================================================
 2.5D variant   N=8000 b=512 c=4   variant=passes=2
=================================================================
  Validation     variant=passes=2 N=8000 c=4  max|diag(Q'Q)-1| = 3.33e-15
  passes=2                        N=8000 b=512 c=4  tmin=    47.21 ms  tmed=    56.56 ms
=================================================================
 2.5D variant   N=8000 b=512 c=4   variant=passes=2+LA
=================================================================
  Validation     variant=passes=2+LA N=8000 c=4  max|diag(Q'Q)-1| = 3.33e-15
  passes=2+LA                     N=8000 b=512 c=4  tmin=    44.72 ms  tmed=    54.58 ms
=================================================================
 2.5D variant   N=8000 b=512 c=4   variant=passes=3+IR1
=================================================================
  Validation     variant=passes=3+IR1 N=8000 c=4  max|diag(Q'Q)-1| = 6.66e-16
  passes=3+IR1                    N=8000 b=512 c=4  tmin=    75.63 ms  tmed=    80.97 ms
=================================================================
 2.5D variant   N=8000 b=512 c=4   variant=passes=3+MP+LA
=================================================================
  Validation     variant=passes=3+MP+LA N=8000 c=4  max|diag(Q'Q)-1| = 8.88e-16
  passes=3+MP+LA                  N=8000 b=512 c=4  tmin=    57.48 ms  tmed=    64.12 ms

----- N=16000 -----
=================================================================
 2.5D variant   N=16000 b=512 c=4   variant=passes=3
=================================================================
  Validation     variant=passes=3 N=16000 c=4  max|diag(Q'Q)-1| = 8.88e-16
  passes=3                        N=16000 b=512 c=4  tmin=   152.77 ms  tmed=   161.30 ms
=================================================================
 2.5D variant   N=16000 b=512 c=4   variant=passes=3+LA
=================================================================
  Validation     variant=passes=3+LA N=16000 c=4  max|diag(Q'Q)-1| = 8.88e-16
  passes=3+LA                     N=16000 b=512 c=4  tmin=   280.25 ms  tmed=   354.43 ms
=================================================================
 2.5D variant   N=16000 b=512 c=4   variant=passes=2
=================================================================
  Validation     variant=passes=2 N=16000 c=4  max|diag(Q'Q)-1| = 4.22e-15
  passes=2                        N=16000 b=512 c=4  tmin=   123.50 ms  tmed=   206.87 ms
=================================================================
 2.5D variant   N=16000 b=512 c=4   variant=passes=2+LA
=================================================================
  Validation     variant=passes=2+LA N=16000 c=4  max|diag(Q'Q)-1| = 4.22e-15
  passes=2+LA                     N=16000 b=512 c=4  tmin=   490.89 ms  tmed=   674.34 ms
=================================================================
 2.5D variant   N=16000 b=512 c=4   variant=passes=3+IR1
=================================================================
  Validation     variant=passes=3+IR1 N=16000 c=4  max|diag(Q'Q)-1| = 6.66e-16
  passes=3+IR1                    N=16000 b=512 c=4  tmin=   187.36 ms  tmed=   332.42 ms
=================================================================
 2.5D variant   N=16000 b=512 c=4   variant=passes=3+MP+LA
=================================================================
  Validation     variant=passes=3+MP+LA N=16000 c=4  max|diag(Q'Q)-1| = 8.88e-16
  passes=3+MP+LA                  N=16000 b=512 c=4  tmin=   492.90 ms  tmed=   679.34 ms

----- N=32000 -----
=================================================================
 2.5D variant   N=32000 b=512 c=4   variant=passes=3
=================================================================
  Validation     variant=passes=3 N=32000 c=4  max|diag(Q'Q)-1| = 1.11e-15
  passes=3                        N=32000 b=512 c=4  tmin=   606.16 ms  tmed=   608.90 ms
srun: Job step aborted: Waiting up to 32 seconds for job step to finish.
slurmstepd-dgx01: error: *** STEP 3718.0 ON dgx01 CANCELLED AT 2026-05-18T09:48:51 ***
srun: error: dgx01: task 0: Terminated
