srun: job 3724 queued and waiting for resources
srun: job 3724 has been allocated resources

========================================================================
  cuSOLVERMp baseline (NVIDIA, libcusolverMp v0.8) — 4 GPUs
========================================================================
==========================================================
 cuSOLVERMp Geqrf benchmark   N=8000  MB=NB=256  grid=2x2 (4 ranks)
==========================================================
  cusolverMpGeqrf  N=8000 grid=2x2  tmin=   701.39 ms  tmed=  1036.22 ms
==========================================================
 cuSOLVERMp Geqrf benchmark   N=16000  MB=NB=256  grid=2x2 (4 ranks)
==========================================================
  cusolverMpGeqrf  N=16000 grid=2x2  tmin=   637.83 ms  tmed=  1029.74 ms
==========================================================
 cuSOLVERMp Geqrf benchmark   N=32000  MB=NB=256  grid=2x2 (4 ranks)
==========================================================
  cusolverMpGeqrf  N=32000 grid=2x2  tmin=  1083.30 ms  tmed=  1776.38 ms

========================================================================
  Full 2.5D Path-s — pure 2D [Px=2, Py=2, Pz=1], c=1
========================================================================
=================================================================
 Full 2.5D  N=8000 b=512  grid=[Px=2, Py=2, Pz=1]  variant=p25d_passes=2
   m_loc=4000  n_loc=4000  P1=4  c=Pz=1
=================================================================
  Validation     variant=p25d_passes=2 N=8000 grid=[2,2,1]  max|diag(Q'Q)-1| = 6.88e-15
  p25d_passes=2                   N=8000 b=512 grid=[2,2,1]  tmin=   106.33 ms  tmed=   174.64 ms
=================================================================
 Full 2.5D  N=8000 b=512  grid=[Px=2, Py=2, Pz=1]  variant=p25d_passes=2+LA
   m_loc=4000  n_loc=4000  P1=4  c=Pz=1
=================================================================
  Validation     variant=p25d_passes=2+LA N=8000 grid=[2,2,1]  max|diag(Q'Q)-1| = 6.88e-15
  p25d_passes=2+LA                N=8000 b=512 grid=[2,2,1]  tmin=   173.11 ms  tmed=   184.73 ms
=================================================================
 Full 2.5D  N=8000 b=512  grid=[Px=2, Py=2, Pz=1]  variant=p25d_passes=3
   m_loc=4000  n_loc=4000  P1=4  c=Pz=1
=================================================================
  Validation     variant=p25d_passes=3 N=8000 grid=[2,2,1]  max|diag(Q'Q)-1| = 1.33e-15
  p25d_passes=3                   N=8000 b=512 grid=[2,2,1]  tmin=    66.86 ms  tmed=   101.85 ms
=================================================================
 Full 2.5D  N=16000 b=512  grid=[Px=2, Py=2, Pz=1]  variant=p25d_passes=2
   m_loc=8000  n_loc=8000  P1=4  c=Pz=1
=================================================================
  Validation     variant=p25d_passes=2 N=16000 grid=[2,2,1]  max|diag(Q'Q)-1| = 8.66e-15
  p25d_passes=2                   N=16000 b=512 grid=[2,2,1]  tmin=   146.66 ms  tmed=   158.33 ms
=================================================================
 Full 2.5D  N=16000 b=512  grid=[Px=2, Py=2, Pz=1]  variant=p25d_passes=2+LA
   m_loc=8000  n_loc=8000  P1=4  c=Pz=1
=================================================================
  Validation     variant=p25d_passes=2+LA N=16000 grid=[2,2,1]  max|diag(Q'Q)-1| = 8.66e-15
  p25d_passes=2+LA                N=16000 b=512 grid=[2,2,1]  tmin=   210.19 ms  tmed=   401.17 ms
=================================================================
 Full 2.5D  N=16000 b=512  grid=[Px=2, Py=2, Pz=1]  variant=p25d_passes=3
   m_loc=8000  n_loc=8000  P1=4  c=Pz=1
=================================================================
  Validation     variant=p25d_passes=3 N=16000 grid=[2,2,1]  max|diag(Q'Q)-1| = 1.78e-15
  p25d_passes=3                   N=16000 b=512 grid=[2,2,1]  tmin=   304.93 ms  tmed=   506.30 ms
=================================================================
 Full 2.5D  N=32000 b=512  grid=[Px=2, Py=2, Pz=1]  variant=p25d_passes=2
   m_loc=16000  n_loc=16000  P1=4  c=Pz=1
=================================================================
  Validation     variant=p25d_passes=2 N=32000 grid=[2,2,1]  max|diag(Q'Q)-1| = 1.40e-14
  p25d_passes=2                   N=32000 b=512 grid=[2,2,1]  tmin=   643.50 ms  tmed=   929.83 ms
=================================================================
 Full 2.5D  N=32000 b=512  grid=[Px=2, Py=2, Pz=1]  variant=p25d_passes=2+LA
   m_loc=16000  n_loc=16000  P1=4  c=Pz=1
=================================================================
  Validation     variant=p25d_passes=2+LA N=32000 grid=[2,2,1]  max|diag(Q'Q)-1| = 1.40e-14
  p25d_passes=2+LA                N=32000 b=512 grid=[2,2,1]  tmin=   699.13 ms  tmed=   834.81 ms
=================================================================
 Full 2.5D  N=32000 b=512  grid=[Px=2, Py=2, Pz=1]  variant=p25d_passes=3
   m_loc=16000  n_loc=16000  P1=4  c=Pz=1
=================================================================
  Validation     variant=p25d_passes=3 N=32000 grid=[2,2,1]  max|diag(Q'Q)-1| = 2.00e-15
  p25d_passes=3                   N=32000 b=512 grid=[2,2,1]  tmin=   899.49 ms  tmed=   929.98 ms

========================================================================
  Full 2.5D Path-s — degenerate [Px=1, Py=1, Pz=4], c=4 (max replication)
========================================================================
=================================================================
 Full 2.5D  N=8000 b=512  grid=[Px=1, Py=1, Pz=4]  variant=p25d_passes=2
   m_loc=2000  n_loc=8000  P1=1  c=Pz=4
=================================================================
  Validation     variant=p25d_passes=2 N=8000 grid=[1,1,4]  max|diag(Q'Q)-1| = 3.33e-15
  p25d_passes=2                   N=8000 b=512 grid=[1,1,4]  tmin=    51.73 ms  tmed=    56.70 ms
=================================================================
 Full 2.5D  N=8000 b=512  grid=[Px=1, Py=1, Pz=4]  variant=p25d_passes=2+LA
   m_loc=2000  n_loc=8000  P1=1  c=Pz=4
=================================================================
  Validation     variant=p25d_passes=2+LA N=8000 grid=[1,1,4]  max|diag(Q'Q)-1| = 3.33e-15
  p25d_passes=2+LA                N=8000 b=512 grid=[1,1,4]  tmin=   137.65 ms  tmed=   422.47 ms
=================================================================
 Full 2.5D  N=8000 b=512  grid=[Px=1, Py=1, Pz=4]  variant=p25d_passes=3
   m_loc=2000  n_loc=8000  P1=1  c=Pz=4
=================================================================
  Validation     variant=p25d_passes=3 N=8000 grid=[1,1,4]  max|diag(Q'Q)-1| = 8.88e-16
  p25d_passes=3                   N=8000 b=512 grid=[1,1,4]  tmin=    59.63 ms  tmed=    62.58 ms
=================================================================
 Full 2.5D  N=8000 b=512  grid=[Px=1, Py=1, Pz=4]  variant=p25d_passes=3+LA
   m_loc=2000  n_loc=8000  P1=1  c=Pz=4
=================================================================
  Validation     variant=p25d_passes=3+LA N=8000 grid=[1,1,4]  max|diag(Q'Q)-1| = 8.88e-16
  p25d_passes=3+LA                N=8000 b=512 grid=[1,1,4]  tmin=    65.22 ms  tmed=    68.33 ms
=================================================================
 Full 2.5D  N=16000 b=512  grid=[Px=1, Py=1, Pz=4]  variant=p25d_passes=2
   m_loc=4000  n_loc=16000  P1=1  c=Pz=4
=================================================================
  Validation     variant=p25d_passes=2 N=16000 grid=[1,1,4]  max|diag(Q'Q)-1| = 4.22e-15
  p25d_passes=2                   N=16000 b=512 grid=[1,1,4]  tmin=   196.73 ms  tmed=   250.65 ms
=================================================================
 Full 2.5D  N=16000 b=512  grid=[Px=1, Py=1, Pz=4]  variant=p25d_passes=2+LA
   m_loc=4000  n_loc=16000  P1=1  c=Pz=4
=================================================================
  Validation     variant=p25d_passes=2+LA N=16000 grid=[1,1,4]  max|diag(Q'Q)-1| = 4.22e-15
  p25d_passes=2+LA                N=16000 b=512 grid=[1,1,4]  tmin=   294.83 ms  tmed=   505.98 ms
=================================================================
 Full 2.5D  N=16000 b=512  grid=[Px=1, Py=1, Pz=4]  variant=p25d_passes=3
   m_loc=4000  n_loc=16000  P1=1  c=Pz=4
=================================================================
  Validation     variant=p25d_passes=3 N=16000 grid=[1,1,4]  max|diag(Q'Q)-1| = 8.88e-16
  p25d_passes=3                   N=16000 b=512 grid=[1,1,4]  tmin=   274.56 ms  tmed=   600.56 ms
=================================================================
 Full 2.5D  N=16000 b=512  grid=[Px=1, Py=1, Pz=4]  variant=p25d_passes=3+LA
   m_loc=4000  n_loc=16000  P1=1  c=Pz=4
=================================================================
  Validation     variant=p25d_passes=3+LA N=16000 grid=[1,1,4]  max|diag(Q'Q)-1| = 8.88e-16
  p25d_passes=3+LA                N=16000 b=512 grid=[1,1,4]  tmin=   147.69 ms  tmed=   150.11 ms
=================================================================
 Full 2.5D  N=32000 b=512  grid=[Px=1, Py=1, Pz=4]  variant=p25d_passes=2
   m_loc=8000  n_loc=32000  P1=1  c=Pz=4
=================================================================
  Validation     variant=p25d_passes=2 N=32000 grid=[1,1,4]  max|diag(Q'Q)-1| = 7.11e-15
  p25d_passes=2                   N=32000 b=512 grid=[1,1,4]  tmin=   526.62 ms  tmed=   544.36 ms
=================================================================
 Full 2.5D  N=32000 b=512  grid=[Px=1, Py=1, Pz=4]  variant=p25d_passes=2+LA
   m_loc=8000  n_loc=32000  P1=1  c=Pz=4
=================================================================
  Validation     variant=p25d_passes=2+LA N=32000 grid=[1,1,4]  max|diag(Q'Q)-1| = 7.11e-15
  p25d_passes=2+LA                N=32000 b=512 grid=[1,1,4]  tmin=   534.88 ms  tmed=   535.00 ms
=================================================================
 Full 2.5D  N=32000 b=512  grid=[Px=1, Py=1, Pz=4]  variant=p25d_passes=3
   m_loc=8000  n_loc=32000  P1=1  c=Pz=4
=================================================================
  Validation     variant=p25d_passes=3 N=32000 grid=[1,1,4]  max|diag(Q'Q)-1| = 1.11e-15
  p25d_passes=3                   N=32000 b=512 grid=[1,1,4]  tmin=   609.03 ms  tmed=   619.17 ms
=================================================================
 Full 2.5D  N=32000 b=512  grid=[Px=1, Py=1, Pz=4]  variant=p25d_passes=3+LA
   m_loc=8000  n_loc=32000  P1=1  c=Pz=4
=================================================================
  Validation     variant=p25d_passes=3+LA N=32000 grid=[1,1,4]  max|diag(Q'Q)-1| = 1.11e-15
  p25d_passes=3+LA                N=32000 b=512 grid=[1,1,4]  tmin=   588.37 ms  tmed=   592.92 ms

========================================================================
  DONE
========================================================================
