slurmstepd-dgx01: error: *** JOB 3648 ON dgx01 CANCELLED AT 2026-05-15T09:41:32 ***

[1507554] signal 15: Terminated
in expression starting at /home/ftome_local/comparative-bench/NextLA.jl/scripts/h200_unified.jl:130
inner_thread at /tmp/julia-1.11.5/bin/../lib/julia/libopenblas64_.so (unknown line)
exec_blas at /tmp/julia-1.11.5/bin/../lib/julia/libopenblas64_.so (unknown line)
gemm_driver.isra.0 at /tmp/julia-1.11.5/bin/../lib/julia/libopenblas64_.so (unknown line)
dgemm_thread_tn at /tmp/julia-1.11.5/bin/../lib/julia/libopenblas64_.so (unknown line)
dgemm_64_ at /tmp/julia-1.11.5/bin/../lib/julia/libopenblas64_.so (unknown line)
dlarfb_64_ at /tmp/julia-1.11.5/bin/../lib/julia/libopenblas64_.so (unknown line)
dgemqrt_64_ at /tmp/julia-1.11.5/bin/../lib/julia/libopenblas64_.so (unknown line)
gemqrt! at /cache/build/tester-amdci5-12/julialang/julia-release-1-dot-11/usr/share/julia/stdlib/v1.11/LinearAlgebra/src/lapack.jl:3149
lmul! at /cache/build/tester-amdci5-12/julialang/julia-release-1-dot-11/usr/share/julia/stdlib/v1.11/LinearAlgebra/src/abstractq.jl:323 [inlined]
Array at /cache/build/tester-amdci5-12/julialang/julia-release-1-dot-11/usr/share/julia/stdlib/v1.11/LinearAlgebra/src/abstractq.jl:310 [inlined]
Array at /cache/build/tester-amdci5-12/julialang/julia-release-1-dot-11/usr/share/julia/stdlib/v1.11/LinearAlgebra/src/abstractq.jl:312 [inlined]
#make_A#1 at /home/ftome_local/comparative-bench/NextLA.jl/scripts/h200_unified.jl:38
make_A at /home/ftome_local/comparative-bench/NextLA.jl/scripts/h200_unified.jl:34 [inlined]
#time_cusolver#2 at /home/ftome_local/comparative-bench/NextLA.jl/scripts/h200_unified.jl:44
time_cusolver at /home/ftome_local/comparative-bench/NextLA.jl/scripts/h200_unified.jl:43
unknown function (ip: 0x72f01b0d1b8e)
#run_config#4 at /home/ftome_local/comparative-bench/NextLA.jl/scripts/h200_unified.jl:112
run_config at /home/ftome_local/comparative-bench/NextLA.jl/scripts/h200_unified.jl:90
unknown function (ip: 0x72f01b0b5bfd)
jl_apply at /cache/build/tester-amdci5-12/julialang/julia-release-1-dot-11/src/julia.h:2157 [inlined]
do_call at /cache/build/tester-amdci5-12/julialang/julia-release-1-dot-11/src/interpreter.c:126
eval_value at /cache/build/tester-amdci5-12/julialang/julia-release-1-dot-11/src/interpreter.c:223
eval_stmt_value at /cache/build/tester-amdci5-12/julialang/julia-release-1-dot-11/src/interpreter.c:174 [inlined]
eval_body at /cache/build/tester-amdci5-12/julialang/julia-release-1-dot-11/src/interpreter.c:666
jl_interpret_toplevel_thunk at /cache/build/tester-amdci5-12/julialang/julia-release-1-dot-11/src/interpreter.c:824
jl_toplevel_eval_flex at /cache/build/tester-amdci5-12/julialang/julia-release-1-dot-11/src/toplevel.c:943
jl_toplevel_eval_flex at /cache/build/tester-amdci5-12/julialang/julia-release-1-dot-11/src/toplevel.c:886
ijl_toplevel_eval_in at /cache/build/tester-amdci5-12/julialang/julia-release-1-dot-11/src/toplevel.c:994
eval at ./boot.jl:430 [inlined]
include_string at ./loading.jl:2734
_include at ./loading.jl:2794
include at ./Base.jl:557
jfptr_include_46879.1 at /tmp/julia-1.11.5/lib/julia/sys.so (unknown line)
exec_options at ./client.jl:323
_start at ./client.jl:531
jfptr__start_73430.1 at /tmp/julia-1.11.5/lib/julia/sys.so (unknown line)
jl_apply at /cache/build/tester-amdci5-12/julialang/julia-release-1-dot-11/src/julia.h:2157 [inlined]
true_main at /cache/build/tester-amdci5-12/julialang/julia-release-1-dot-11/src/jlapi.c:900
jl_repl_entrypoint at /cache/build/tester-amdci5-12/julialang/julia-release-1-dot-11/src/jlapi.c:1059
main at julia (unknown line)
unknown function (ip: 0x72f01c42a1c9)
__libc_start_main at /lib/x86_64-linux-gnu/libc.so.6 (unknown line)
unknown function (ip: 0x4010b8)
unknown function (ip: (nil))
Allocations: 29703762 (Pool: 29703123; Big: 639); GC: 22
┌ Warning: 2D fallback (c_calc < 1): PM=8177664 < N^2=16000000; using c=1
└ @ NextLA ~/comparative-bench/NextLA.jl/src/xpartition.jl:80
┌ Warning: 2D fallback (c_calc < 1): PM=8177664 < N^2=64000000; using c=1
└ @ NextLA ~/comparative-bench/NextLA.jl/src/xpartition.jl:80
┌ Warning: 2D fallback (c_calc < 1): PM=16355328 < N^2=64000000; using c=1
└ @ NextLA ~/comparative-bench/NextLA.jl/src/xpartition.jl:80
